[0.061s] DEBUG:colcon:Command line arguments: ['/usr/bin/colcon', 'build']
[0.061s] DEBUG:colcon:Parsed command line arguments: Namespace(log_base=None, log_level=None, verb_name='build', build_base='build', install_base='install', merge_install=False, symlink_install=False, test_result_base=None, continue_on_error=False, executor='parallel', parallel_workers=22, event_handlers=None, ignore_user_meta=False, metas=['./colcon.meta'], base_paths=['.'], packages_ignore=None, packages_ignore_regex=None, paths=None, packages_up_to=None, packages_up_to_regex=None, packages_above=None, packages_above_and_dependencies=None, packages_above_depth=None, packages_select_by_dep=None, packages_skip_by_dep=None, packages_skip_up_to=None, packages_select_build_failed=False, packages_skip_build_finished=False, packages_select_test_failures=False, packages_skip_test_passed=False, packages_select=None, packages_skip=None, packages_select_regex=None, packages_skip_regex=None, packages_start=None, packages_end=None, cmake_args=None, cmake_target=None, cmake_target_skip_unavailable=False, cmake_clean_cache=False, cmake_clean_first=False, cmake_force_configure=False, ament_cmake_args=None, catkin_cmake_args=None, catkin_skip_building_tests=False, verb_parser=<colcon_defaults.argument_parser.defaults.DefaultArgumentsDecorator object at 0x7038b55b5190>, verb_extension=<colcon_core.verb.build.BuildVerb object at 0x7038b55b5010>, main=<bound method BuildVerb.main of <colcon_core.verb.build.BuildVerb object at 0x7038b55b5010>>)
[0.084s] Level 1:colcon.colcon_core.package_discovery:discover_packages(colcon_meta) check parameters
[0.084s] Level 1:colcon.colcon_core.package_discovery:discover_packages(recursive) check parameters
[0.084s] Level 1:colcon.colcon_core.package_discovery:discover_packages(ignore) check parameters
[0.084s] Level 1:colcon.colcon_core.package_discovery:discover_packages(path) check parameters
[0.084s] Level 1:colcon.colcon_core.package_discovery:discover_packages(colcon_meta) discover
[0.084s] Level 1:colcon.colcon_core.package_discovery:discover_packages(recursive) discover
[0.084s] INFO:colcon.colcon_core.package_discovery:Crawling recursively for packages in '/home/sebastian/ws_abb_irb_1600/src'
[0.084s] Level 1:colcon.colcon_core.package_identification:_identify(.) by extensions ['ignore', 'ignore_ament_install']
[0.084s] Level 1:colcon.colcon_core.package_identification:_identify(.) by extension 'ignore'
[0.084s] Level 1:colcon.colcon_core.package_identification:_identify(.) by extension 'ignore_ament_install'
[0.084s] Level 1:colcon.colcon_core.package_identification:_identify(.) by extensions ['colcon_pkg']
[0.084s] Level 1:colcon.colcon_core.package_identification:_identify(.) by extension 'colcon_pkg'
[0.084s] Level 1:colcon.colcon_core.package_identification:_identify(.) by extensions ['colcon_meta']
[0.084s] Level 1:colcon.colcon_core.package_identification:_identify(.) by extension 'colcon_meta'
[0.084s] Level 1:colcon.colcon_core.package_identification:_identify(.) by extensions ['ros']
[0.084s] Level 1:colcon.colcon_core.package_identification:_identify(.) by extension 'ros'
[0.099s] Level 1:colcon.colcon_core.package_identification:_identify(.) by extensions ['cmake', 'python']
[0.099s] Level 1:colcon.colcon_core.package_identification:_identify(.) by extension 'cmake'
[0.099s] Level 1:colcon.colcon_core.package_identification:_identify(.) by extension 'python'
[0.099s] Level 1:colcon.colcon_core.package_identification:_identify(.) by extensions ['python_setup_py']
[0.099s] Level 1:colcon.colcon_core.package_identification:_identify(.) by extension 'python_setup_py'
[0.099s] Level 1:colcon.colcon_core.package_identification:_identify(abb_irb1600id_support) by extensions ['ignore', 'ignore_ament_install']
[0.099s] Level 1:colcon.colcon_core.package_identification:_identify(abb_irb1600id_support) by extension 'ignore'
[0.099s] Level 1:colcon.colcon_core.package_identification:_identify(abb_irb1600id_support) by extension 'ignore_ament_install'
[0.099s] Level 1:colcon.colcon_core.package_identification:_identify(abb_irb1600id_support) by extensions ['colcon_pkg']
[0.099s] Level 1:colcon.colcon_core.package_identification:_identify(abb_irb1600id_support) by extension 'colcon_pkg'
[0.100s] Level 1:colcon.colcon_core.package_identification:_identify(abb_irb1600id_support) by extensions ['colcon_meta']
[0.100s] Level 1:colcon.colcon_core.package_identification:_identify(abb_irb1600id_support) by extension 'colcon_meta'
[0.100s] Level 1:colcon.colcon_core.package_identification:_identify(abb_irb1600id_support) by extensions ['ros']
[0.100s] Level 1:colcon.colcon_core.package_identification:_identify(abb_irb1600id_support) by extension 'ros'
[0.101s] DEBUG:colcon.colcon_core.package_identification:Package 'abb_irb1600id_support' with type 'ros.ament_cmake' and name 'abb_irb1600id_support'
[0.101s] Level 1:colcon.colcon_core.package_identification:_identify(build) by extensions ['ignore', 'ignore_ament_install']
[0.101s] Level 1:colcon.colcon_core.package_identification:_identify(build) by extension 'ignore'
[0.101s] Level 1:colcon.colcon_core.package_identification:_identify(build) ignored
[0.101s] Level 1:colcon.colcon_core.package_identification:_identify(install) by extensions ['ignore', 'ignore_ament_install']
[0.102s] Level 1:colcon.colcon_core.package_identification:_identify(install) by extension 'ignore'
[0.102s] Level 1:colcon.colcon_core.package_identification:_identify(install) ignored
[0.102s] Level 1:colcon.colcon_core.package_identification:_identify(irb1600id_moveit_config) by extensions ['ignore', 'ignore_ament_install']
[0.102s] Level 1:colcon.colcon_core.package_identification:_identify(irb1600id_moveit_config) by extension 'ignore'
[0.102s] Level 1:colcon.colcon_core.package_identification:_identify(irb1600id_moveit_config) by extension 'ignore_ament_install'
[0.102s] Level 1:colcon.colcon_core.package_identification:_identify(irb1600id_moveit_config) by extensions ['colcon_pkg']
[0.102s] Level 1:colcon.colcon_core.package_identification:_identify(irb1600id_moveit_config) by extension 'colcon_pkg'
[0.102s] Level 1:colcon.colcon_core.package_identification:_identify(irb1600id_moveit_config) by extensions ['colcon_meta']
[0.102s] Level 1:colcon.colcon_core.package_identification:_identify(irb1600id_moveit_config) by extension 'colcon_meta'
[0.102s] Level 1:colcon.colcon_core.package_identification:_identify(irb1600id_moveit_config) by extensions ['ros']
[0.102s] Level 1:colcon.colcon_core.package_identification:_identify(irb1600id_moveit_config) by extension 'ros'
[0.102s] DEBUG:colcon.colcon_core.package_identification:Package 'irb1600id_moveit_config' with type 'ros.ament_cmake' and name 'irb1600id_moveit_config'
[0.102s] Level 1:colcon.colcon_core.package_identification:_identify(log) by extensions ['ignore', 'ignore_ament_install']
[0.102s] Level 1:colcon.colcon_core.package_identification:_identify(log) by extension 'ignore'
[0.102s] Level 1:colcon.colcon_core.package_identification:_identify(log) ignored
[0.102s] Level 1:colcon.colcon_core.package_discovery:discover_packages(recursive) using defaults
[0.102s] Level 1:colcon.colcon_core.package_discovery:discover_packages(ignore) discover
[0.102s] Level 1:colcon.colcon_core.package_discovery:discover_packages(ignore) using defaults
[0.102s] Level 1:colcon.colcon_core.package_discovery:discover_packages(path) discover
[0.102s] Level 1:colcon.colcon_core.package_discovery:discover_packages(path) using defaults
[0.114s] Level 5:colcon.colcon_core.verb:set package 'abb_irb1600id_support' build argument 'cmake_args' from command line to 'None'
[0.114s] Level 5:colcon.colcon_core.verb:set package 'abb_irb1600id_support' build argument 'cmake_target' from command line to 'None'
[0.114s] Level 5:colcon.colcon_core.verb:set package 'abb_irb1600id_support' build argument 'cmake_target_skip_unavailable' from command line to 'False'
[0.114s] Level 5:colcon.colcon_core.verb:set package 'abb_irb1600id_support' build argument 'cmake_clean_cache' from command line to 'False'
[0.114s] Level 5:colcon.colcon_core.verb:set package 'abb_irb1600id_support' build argument 'cmake_clean_first' from command line to 'False'
[0.114s] Level 5:colcon.colcon_core.verb:set package 'abb_irb1600id_support' build argument 'cmake_force_configure' from command line to 'False'
[0.114s] Level 5:colcon.colcon_core.verb:set package 'abb_irb1600id_support' build argument 'ament_cmake_args' from command line to 'None'
[0.114s] Level 5:colcon.colcon_core.verb:set package 'abb_irb1600id_support' build argument 'catkin_cmake_args' from command line to 'None'
[0.114s] Level 5:colcon.colcon_core.verb:set package 'abb_irb1600id_support' build argument 'catkin_skip_building_tests' from command line to 'False'
[0.114s] DEBUG:colcon.colcon_core.verb:Building package 'abb_irb1600id_support' with the following arguments: {'ament_cmake_args': None, 'build_base': '/home/sebastian/ws_abb_irb_1600/src/build/abb_irb1600id_support', 'catkin_cmake_args': None, 'catkin_skip_building_tests': False, 'cmake_args': None, 'cmake_clean_cache': False, 'cmake_clean_first': False, 'cmake_force_configure': False, 'cmake_target': None, 'cmake_target_skip_unavailable': False, 'install_base': '/home/sebastian/ws_abb_irb_1600/src/install/abb_irb1600id_support', 'merge_install': False, 'path': '/home/sebastian/ws_abb_irb_1600/src/abb_irb1600id_support', 'symlink_install': False, 'test_result_base': None}
[0.114s] Level 5:colcon.colcon_core.verb:set package 'irb1600id_moveit_config' build argument 'cmake_args' from command line to 'None'
[0.114s] Level 5:colcon.colcon_core.verb:set package 'irb1600id_moveit_config' build argument 'cmake_target' from command line to 'None'
[0.114s] Level 5:colcon.colcon_core.verb:set package 'irb1600id_moveit_config' build argument 'cmake_target_skip_unavailable' from command line to 'False'
[0.114s] Level 5:colcon.colcon_core.verb:set package 'irb1600id_moveit_config' build argument 'cmake_clean_cache' from command line to 'False'
[0.114s] Level 5:colcon.colcon_core.verb:set package 'irb1600id_moveit_config' build argument 'cmake_clean_first' from command line to 'False'
[0.114s] Level 5:colcon.colcon_core.verb:set package 'irb1600id_moveit_config' build argument 'cmake_force_configure' from command line to 'False'
[0.114s] Level 5:colcon.colcon_core.verb:set package 'irb1600id_moveit_config' build argument 'ament_cmake_args' from command line to 'None'
[0.114s] Level 5:colcon.colcon_core.verb:set package 'irb1600id_moveit_config' build argument 'catkin_cmake_args' from command line to 'None'
[0.114s] Level 5:colcon.colcon_core.verb:set package 'irb1600id_moveit_config' build argument 'catkin_skip_building_tests' from command line to 'False'
[0.114s] DEBUG:colcon.colcon_core.verb:Building package 'irb1600id_moveit_config' with the following arguments: {'ament_cmake_args': None, 'build_base': '/home/sebastian/ws_abb_irb_1600/src/build/irb1600id_moveit_config', 'catkin_cmake_args': None, 'catkin_skip_building_tests': False, 'cmake_args': None, 'cmake_clean_cache': False, 'cmake_clean_first': False, 'cmake_force_configure': False, 'cmake_target': None, 'cmake_target_skip_unavailable': False, 'install_base': '/home/sebastian/ws_abb_irb_1600/src/install/irb1600id_moveit_config', 'merge_install': False, 'path': '/home/sebastian/ws_abb_irb_1600/src/irb1600id_moveit_config', 'symlink_install': False, 'test_result_base': None}
[0.114s] INFO:colcon.colcon_core.executor:Executing jobs using 'parallel' executor
[0.115s] DEBUG:colcon.colcon_parallel_executor.executor.parallel:run_until_complete
[0.116s] INFO:colcon.colcon_ros.task.ament_cmake.build:Building ROS package in '/home/sebastian/ws_abb_irb_1600/src/abb_irb1600id_support' with build type 'ament_cmake'
[0.116s] INFO:colcon.colcon_cmake.task.cmake.build:Building CMake package in '/home/sebastian/ws_abb_irb_1600/src/abb_irb1600id_support'
[0.118s] INFO:colcon.colcon_core.plugin_system:Skipping extension 'colcon_core.shell.bat': Not used on non-Windows systems
[0.118s] DEBUG:colcon.colcon_core.shell:Skip shell extension 'dsv' for command environment
[0.126s] DEBUG:colcon.colcon_core.event_handler.log_command:Invoking command in '/home/sebastian/ws_abb_irb_1600/src/build/abb_irb1600id_support': CMAKE_PREFIX_PATH=${CMAKE_PREFIX_PATH}:/opt/ros/jazzy DEBUGINFOD_URLS=https://debuginfod.ubuntu.com /usr/bin/cmake /home/sebastian/ws_abb_irb_1600/src/abb_irb1600id_support -DCMAKE_INSTALL_PREFIX=/home/sebastian/ws_abb_irb_1600/src/install/abb_irb1600id_support
[0.650s] DEBUG:colcon.colcon_core.event_handler.log_command:Invoked command in '/home/sebastian/ws_abb_irb_1600/src/build/abb_irb1600id_support' returned '0': CMAKE_PREFIX_PATH=${CMAKE_PREFIX_PATH}:/opt/ros/jazzy DEBUGINFOD_URLS=https://debuginfod.ubuntu.com /usr/bin/cmake /home/sebastian/ws_abb_irb_1600/src/abb_irb1600id_support -DCMAKE_INSTALL_PREFIX=/home/sebastian/ws_abb_irb_1600/src/install/abb_irb1600id_support
[0.652s] DEBUG:colcon.colcon_core.event_handler.log_command:Invoking command in '/home/sebastian/ws_abb_irb_1600/src/build/abb_irb1600id_support': CMAKE_PREFIX_PATH=${CMAKE_PREFIX_PATH}:/opt/ros/jazzy DEBUGINFOD_URLS=https://debuginfod.ubuntu.com /usr/bin/cmake --build /home/sebastian/ws_abb_irb_1600/src/build/abb_irb1600id_support -- -j22 -l22
[0.688s] DEBUG:colcon.colcon_core.event_handler.log_command:Invoked command in '/home/sebastian/ws_abb_irb_1600/src/build/abb_irb1600id_support' returned '0': CMAKE_PREFIX_PATH=${CMAKE_PREFIX_PATH}:/opt/ros/jazzy DEBUGINFOD_URLS=https://debuginfod.ubuntu.com /usr/bin/cmake --build /home/sebastian/ws_abb_irb_1600/src/build/abb_irb1600id_support -- -j22 -l22
[0.695s] DEBUG:colcon.colcon_core.event_handler.log_command:Invoking command in '/home/sebastian/ws_abb_irb_1600/src/build/abb_irb1600id_support': CMAKE_PREFIX_PATH=${CMAKE_PREFIX_PATH}:/opt/ros/jazzy DEBUGINFOD_URLS=https://debuginfod.ubuntu.com /usr/bin/cmake --install /home/sebastian/ws_abb_irb_1600/src/build/abb_irb1600id_support
[0.710s] Level 1:colcon.colcon_core.environment:create_environment_scripts_only(abb_irb1600id_support)
[0.711s] DEBUG:colcon.colcon_core.event_handler.log_command:Invoked command in '/home/sebastian/ws_abb_irb_1600/src/build/abb_irb1600id_support' returned '0': CMAKE_PREFIX_PATH=${CMAKE_PREFIX_PATH}:/opt/ros/jazzy DEBUGINFOD_URLS=https://debuginfod.ubuntu.com /usr/bin/cmake --install /home/sebastian/ws_abb_irb_1600/src/build/abb_irb1600id_support
[0.714s] Level 1:colcon.colcon_core.environment:checking '/home/sebastian/ws_abb_irb_1600/src/install/abb_irb1600id_support' for CMake module files
[0.714s] Level 1:colcon.colcon_core.environment:checking '/home/sebastian/ws_abb_irb_1600/src/install/abb_irb1600id_support' for CMake config files
[0.714s] Level 1:colcon.colcon_core.shell:create_environment_hook('abb_irb1600id_support', 'cmake_prefix_path')
[0.714s] INFO:colcon.colcon_core.shell:Creating environment descriptor '/home/sebastian/ws_abb_irb_1600/src/install/abb_irb1600id_support/share/abb_irb1600id_support/hook/cmake_prefix_path.dsv'
[0.715s] INFO:colcon.colcon_core.shell:Creating environment hook '/home/sebastian/ws_abb_irb_1600/src/install/abb_irb1600id_support/share/abb_irb1600id_support/hook/cmake_prefix_path.sh'
[0.716s] Level 1:colcon.colcon_core.environment:checking '/home/sebastian/ws_abb_irb_1600/src/install/abb_irb1600id_support/bin'
[0.716s] Level 1:colcon.colcon_core.environment:checking '/home/sebastian/ws_abb_irb_1600/src/install/abb_irb1600id_support/lib/pkgconfig/abb_irb1600id_support.pc'
[0.718s] Level 1:colcon.colcon_core.environment:checking '/home/sebastian/ws_abb_irb_1600/src/install/abb_irb1600id_support/lib/python3.12/site-packages'
[0.718s] Level 1:colcon.colcon_core.environment:checking '/home/sebastian/ws_abb_irb_1600/src/install/abb_irb1600id_support/bin'
[0.719s] INFO:colcon.colcon_core.shell:Creating package descriptor '/home/sebastian/ws_abb_irb_1600/src/install/abb_irb1600id_support/share/abb_irb1600id_support/package.dsv'
[0.719s] INFO:colcon.colcon_core.shell:Creating package script '/home/sebastian/ws_abb_irb_1600/src/install/abb_irb1600id_support/share/abb_irb1600id_support/package.sh'
[0.720s] INFO:colcon.colcon_core.shell:Creating package script '/home/sebastian/ws_abb_irb_1600/src/install/abb_irb1600id_support/share/abb_irb1600id_support/package.bash'
[0.720s] INFO:colcon.colcon_core.shell:Creating package script '/home/sebastian/ws_abb_irb_1600/src/install/abb_irb1600id_support/share/abb_irb1600id_support/package.zsh'
[0.720s] Level 1:colcon.colcon_core.environment:create_file_with_runtime_dependencies(/home/sebastian/ws_abb_irb_1600/src/install/abb_irb1600id_support/share/colcon-core/packages/abb_irb1600id_support)
[0.721s] Level 1:colcon.colcon_core.environment:create_environment_scripts_only(abb_irb1600id_support)
[0.721s] Level 1:colcon.colcon_core.environment:checking '/home/sebastian/ws_abb_irb_1600/src/install/abb_irb1600id_support' for CMake module files
[0.721s] Level 1:colcon.colcon_core.environment:checking '/home/sebastian/ws_abb_irb_1600/src/install/abb_irb1600id_support' for CMake config files
[0.721s] Level 1:colcon.colcon_core.shell:create_environment_hook('abb_irb1600id_support', 'cmake_prefix_path')
[0.721s] INFO:colcon.colcon_core.shell:Creating environment descriptor '/home/sebastian/ws_abb_irb_1600/src/install/abb_irb1600id_support/share/abb_irb1600id_support/hook/cmake_prefix_path.dsv'
[0.721s] INFO:colcon.colcon_core.shell:Creating environment hook '/home/sebastian/ws_abb_irb_1600/src/install/abb_irb1600id_support/share/abb_irb1600id_support/hook/cmake_prefix_path.sh'
[0.722s] Level 1:colcon.colcon_core.environment:checking '/home/sebastian/ws_abb_irb_1600/src/install/abb_irb1600id_support/bin'
[0.722s] Level 1:colcon.colcon_core.environment:checking '/home/sebastian/ws_abb_irb_1600/src/install/abb_irb1600id_support/lib/pkgconfig/abb_irb1600id_support.pc'
[0.722s] Level 1:colcon.colcon_core.environment:checking '/home/sebastian/ws_abb_irb_1600/src/install/abb_irb1600id_support/lib/python3.12/site-packages'
[0.722s] Level 1:colcon.colcon_core.environment:checking '/home/sebastian/ws_abb_irb_1600/src/install/abb_irb1600id_support/bin'
[0.722s] INFO:colcon.colcon_core.shell:Creating package descriptor '/home/sebastian/ws_abb_irb_1600/src/install/abb_irb1600id_support/share/abb_irb1600id_support/package.dsv'
[0.722s] INFO:colcon.colcon_core.shell:Creating package script '/home/sebastian/ws_abb_irb_1600/src/install/abb_irb1600id_support/share/abb_irb1600id_support/package.sh'
[0.723s] INFO:colcon.colcon_core.shell:Creating package script '/home/sebastian/ws_abb_irb_1600/src/install/abb_irb1600id_support/share/abb_irb1600id_support/package.bash'
[0.723s] INFO:colcon.colcon_core.shell:Creating package script '/home/sebastian/ws_abb_irb_1600/src/install/abb_irb1600id_support/share/abb_irb1600id_support/package.zsh'
[0.723s] Level 1:colcon.colcon_core.environment:create_file_with_runtime_dependencies(/home/sebastian/ws_abb_irb_1600/src/install/abb_irb1600id_support/share/colcon-core/packages/abb_irb1600id_support)
[0.723s] INFO:colcon.colcon_ros.task.ament_cmake.build:Building ROS package in '/home/sebastian/ws_abb_irb_1600/src/irb1600id_moveit_config' with build type 'ament_cmake'
[0.723s] INFO:colcon.colcon_cmake.task.cmake.build:Building CMake package in '/home/sebastian/ws_abb_irb_1600/src/irb1600id_moveit_config'
[0.723s] DEBUG:colcon.colcon_core.shell:Skip shell extension 'dsv' for command environment
[0.729s] DEBUG:colcon.colcon_core.event_handler.log_command:Invoking command in '/home/sebastian/ws_abb_irb_1600/src/build/irb1600id_moveit_config': AMENT_PREFIX_PATH=/home/sebastian/ws_abb_irb_1600/src/install/abb_irb1600id_support:${AMENT_PREFIX_PATH} CMAKE_PREFIX_PATH=/home/sebastian/ws_abb_irb_1600/src/install/abb_irb1600id_support:/home/sebastian/ws_abb_irb_1600/install/irb1600id_moveit_config:/home/sebastian/ws_abb_irb_1600/install/abb_irb1600id_support:/opt/ros/jazzy/opt/sdformat_vendor:/opt/ros/jazzy/opt/gz_math_vendor:/opt/ros/jazzy/opt/gz_utils_vendor:/opt/ros/jazzy/opt/gz_tools_vendor:/opt/ros/jazzy/opt/gz_cmake_vendor:/opt/ros/jazzy DEBUGINFOD_URLS=https://debuginfod.ubuntu.com /usr/bin/cmake /home/sebastian/ws_abb_irb_1600/src/irb1600id_moveit_config -DCMAKE_INSTALL_PREFIX=/home/sebastian/ws_abb_irb_1600/src/install/irb1600id_moveit_config
[1.317s] DEBUG:colcon.colcon_core.event_handler.log_command:Invoked command in '/home/sebastian/ws_abb_irb_1600/src/build/irb1600id_moveit_config' returned '0': AMENT_PREFIX_PATH=/home/sebastian/ws_abb_irb_1600/src/install/abb_irb1600id_support:${AMENT_PREFIX_PATH} CMAKE_PREFIX_PATH=/home/sebastian/ws_abb_irb_1600/src/install/abb_irb1600id_support:/home/sebastian/ws_abb_irb_1600/install/irb1600id_moveit_config:/home/sebastian/ws_abb_irb_1600/install/abb_irb1600id_support:/opt/ros/jazzy/opt/sdformat_vendor:/opt/ros/jazzy/opt/gz_math_vendor:/opt/ros/jazzy/opt/gz_utils_vendor:/opt/ros/jazzy/opt/gz_tools_vendor:/opt/ros/jazzy/opt/gz_cmake_vendor:/opt/ros/jazzy DEBUGINFOD_URLS=https://debuginfod.ubuntu.com /usr/bin/cmake /home/sebastian/ws_abb_irb_1600/src/irb1600id_moveit_config -DCMAKE_INSTALL_PREFIX=/home/sebastian/ws_abb_irb_1600/src/install/irb1600id_moveit_config
[1.319s] DEBUG:colcon.colcon_core.event_handler.log_command:Invoking command in '/home/sebastian/ws_abb_irb_1600/src/build/irb1600id_moveit_config': AMENT_PREFIX_PATH=/home/sebastian/ws_abb_irb_1600/src/install/abb_irb1600id_support:${AMENT_PREFIX_PATH} CMAKE_PREFIX_PATH=/home/sebastian/ws_abb_irb_1600/src/install/abb_irb1600id_support:/home/sebastian/ws_abb_irb_1600/install/irb1600id_moveit_config:/home/sebastian/ws_abb_irb_1600/install/abb_irb1600id_support:/opt/ros/jazzy/opt/sdformat_vendor:/opt/ros/jazzy/opt/gz_math_vendor:/opt/ros/jazzy/opt/gz_utils_vendor:/opt/ros/jazzy/opt/gz_tools_vendor:/opt/ros/jazzy/opt/gz_cmake_vendor:/opt/ros/jazzy DEBUGINFOD_URLS=https://debuginfod.ubuntu.com /usr/bin/cmake --build /home/sebastian/ws_abb_irb_1600/src/build/irb1600id_moveit_config -- -j22 -l22
[1.349s] DEBUG:colcon.colcon_core.event_handler.log_command:Invoked command in '/home/sebastian/ws_abb_irb_1600/src/build/irb1600id_moveit_config' returned '0': AMENT_PREFIX_PATH=/home/sebastian/ws_abb_irb_1600/src/install/abb_irb1600id_support:${AMENT_PREFIX_PATH} CMAKE_PREFIX_PATH=/home/sebastian/ws_abb_irb_1600/src/install/abb_irb1600id_support:/home/sebastian/ws_abb_irb_1600/install/irb1600id_moveit_config:/home/sebastian/ws_abb_irb_1600/install/abb_irb1600id_support:/opt/ros/jazzy/opt/sdformat_vendor:/opt/ros/jazzy/opt/gz_math_vendor:/opt/ros/jazzy/opt/gz_utils_vendor:/opt/ros/jazzy/opt/gz_tools_vendor:/opt/ros/jazzy/opt/gz_cmake_vendor:/opt/ros/jazzy DEBUGINFOD_URLS=https://debuginfod.ubuntu.com /usr/bin/cmake --build /home/sebastian/ws_abb_irb_1600/src/build/irb1600id_moveit_config -- -j22 -l22
[1.350s] DEBUG:colcon.colcon_core.event_handler.log_command:Invoking command in '/home/sebastian/ws_abb_irb_1600/src/build/irb1600id_moveit_config': AMENT_PREFIX_PATH=/home/sebastian/ws_abb_irb_1600/src/install/abb_irb1600id_support:${AMENT_PREFIX_PATH} CMAKE_PREFIX_PATH=/home/sebastian/ws_abb_irb_1600/src/install/abb_irb1600id_support:/home/sebastian/ws_abb_irb_1600/install/irb1600id_moveit_config:/home/sebastian/ws_abb_irb_1600/install/abb_irb1600id_support:/opt/ros/jazzy/opt/sdformat_vendor:/opt/ros/jazzy/opt/gz_math_vendor:/opt/ros/jazzy/opt/gz_utils_vendor:/opt/ros/jazzy/opt/gz_tools_vendor:/opt/ros/jazzy/opt/gz_cmake_vendor:/opt/ros/jazzy DEBUGINFOD_URLS=https://debuginfod.ubuntu.com /usr/bin/cmake --install /home/sebastian/ws_abb_irb_1600/src/build/irb1600id_moveit_config
[1.360s] Level 1:colcon.colcon_core.environment:create_environment_scripts_only(irb1600id_moveit_config)
[1.360s] Level 1:colcon.colcon_core.environment:checking '/home/sebastian/ws_abb_irb_1600/src/install/irb1600id_moveit_config' for CMake module files
[1.360s] DEBUG:colcon.colcon_core.event_handler.log_command:Invoked command in '/home/sebastian/ws_abb_irb_1600/src/build/irb1600id_moveit_config' returned '0': AMENT_PREFIX_PATH=/home/sebastian/ws_abb_irb_1600/src/install/abb_irb1600id_support:${AMENT_PREFIX_PATH} CMAKE_PREFIX_PATH=/home/sebastian/ws_abb_irb_1600/src/install/abb_irb1600id_support:/home/sebastian/ws_abb_irb_1600/install/irb1600id_moveit_config:/home/sebastian/ws_abb_irb_1600/install/abb_irb1600id_support:/opt/ros/jazzy/opt/sdformat_vendor:/opt/ros/jazzy/opt/gz_math_vendor:/opt/ros/jazzy/opt/gz_utils_vendor:/opt/ros/jazzy/opt/gz_tools_vendor:/opt/ros/jazzy/opt/gz_cmake_vendor:/opt/ros/jazzy DEBUGINFOD_URLS=https://debuginfod.ubuntu.com /usr/bin/cmake --install /home/sebastian/ws_abb_irb_1600/src/build/irb1600id_moveit_config
[1.360s] Level 1:colcon.colcon_core.environment:checking '/home/sebastian/ws_abb_irb_1600/src/install/irb1600id_moveit_config' for CMake config files
[1.361s] Level 1:colcon.colcon_core.shell:create_environment_hook('irb1600id_moveit_config', 'cmake_prefix_path')
[1.361s] INFO:colcon.colcon_core.shell:Creating environment descriptor '/home/sebastian/ws_abb_irb_1600/src/install/irb1600id_moveit_config/share/irb1600id_moveit_config/hook/cmake_prefix_path.dsv'
[1.361s] INFO:colcon.colcon_core.shell:Creating environment hook '/home/sebastian/ws_abb_irb_1600/src/install/irb1600id_moveit_config/share/irb1600id_moveit_config/hook/cmake_prefix_path.sh'
[1.361s] Level 1:colcon.colcon_core.environment:checking '/home/sebastian/ws_abb_irb_1600/src/install/irb1600id_moveit_config/lib'
[1.361s] Level 1:colcon.colcon_core.environment:checking '/home/sebastian/ws_abb_irb_1600/src/install/irb1600id_moveit_config/bin'
[1.361s] Level 1:colcon.colcon_core.environment:checking '/home/sebastian/ws_abb_irb_1600/src/install/irb1600id_moveit_config/lib/pkgconfig/irb1600id_moveit_config.pc'
[1.362s] Level 1:colcon.colcon_core.environment:checking '/home/sebastian/ws_abb_irb_1600/src/install/irb1600id_moveit_config/lib/python3.12/site-packages'
[1.362s] Level 1:colcon.colcon_core.environment:checking '/home/sebastian/ws_abb_irb_1600/src/install/irb1600id_moveit_config/bin'
[1.362s] INFO:colcon.colcon_core.shell:Creating package descriptor '/home/sebastian/ws_abb_irb_1600/src/install/irb1600id_moveit_config/share/irb1600id_moveit_config/package.dsv'
[1.362s] INFO:colcon.colcon_core.shell:Creating package script '/home/sebastian/ws_abb_irb_1600/src/install/irb1600id_moveit_config/share/irb1600id_moveit_config/package.sh'
[1.362s] INFO:colcon.colcon_core.shell:Creating package script '/home/sebastian/ws_abb_irb_1600/src/install/irb1600id_moveit_config/share/irb1600id_moveit_config/package.bash'
[1.363s] INFO:colcon.colcon_core.shell:Creating package script '/home/sebastian/ws_abb_irb_1600/src/install/irb1600id_moveit_config/share/irb1600id_moveit_config/package.zsh'
[1.363s] Level 1:colcon.colcon_core.environment:create_file_with_runtime_dependencies(/home/sebastian/ws_abb_irb_1600/src/install/irb1600id_moveit_config/share/colcon-core/packages/irb1600id_moveit_config)
[1.363s] Level 1:colcon.colcon_core.environment:create_environment_scripts_only(irb1600id_moveit_config)
[1.363s] Level 1:colcon.colcon_core.environment:checking '/home/sebastian/ws_abb_irb_1600/src/install/irb1600id_moveit_config' for CMake module files
[1.363s] Level 1:colcon.colcon_core.environment:checking '/home/sebastian/ws_abb_irb_1600/src/install/irb1600id_moveit_config' for CMake config files
[1.363s] Level 1:colcon.colcon_core.shell:create_environment_hook('irb1600id_moveit_config', 'cmake_prefix_path')
[1.364s] INFO:colcon.colcon_core.shell:Creating environment descriptor '/home/sebastian/ws_abb_irb_1600/src/install/irb1600id_moveit_config/share/irb1600id_moveit_config/hook/cmake_prefix_path.dsv'
[1.364s] INFO:colcon.colcon_core.shell:Creating environment hook '/home/sebastian/ws_abb_irb_1600/src/install/irb1600id_moveit_config/share/irb1600id_moveit_config/hook/cmake_prefix_path.sh'
[1.364s] Level 1:colcon.colcon_core.environment:checking '/home/sebastian/ws_abb_irb_1600/src/install/irb1600id_moveit_config/lib'
[1.364s] Level 1:colcon.colcon_core.environment:checking '/home/sebastian/ws_abb_irb_1600/src/install/irb1600id_moveit_config/bin'
[1.364s] Level 1:colcon.colcon_core.environment:checking '/home/sebastian/ws_abb_irb_1600/src/install/irb1600id_moveit_config/lib/pkgconfig/irb1600id_moveit_config.pc'
[1.364s] Level 1:colcon.colcon_core.environment:checking '/home/sebastian/ws_abb_irb_1600/src/install/irb1600id_moveit_config/lib/python3.12/site-packages'
[1.365s] Level 1:colcon.colcon_core.environment:checking '/home/sebastian/ws_abb_irb_1600/src/install/irb1600id_moveit_config/bin'
[1.365s] INFO:colcon.colcon_core.shell:Creating package descriptor '/home/sebastian/ws_abb_irb_1600/src/install/irb1600id_moveit_config/share/irb1600id_moveit_config/package.dsv'
[1.365s] INFO:colcon.colcon_core.shell:Creating package script '/home/sebastian/ws_abb_irb_1600/src/install/irb1600id_moveit_config/share/irb1600id_moveit_config/package.sh'
[1.365s] INFO:colcon.colcon_core.shell:Creating package script '/home/sebastian/ws_abb_irb_1600/src/install/irb1600id_moveit_config/share/irb1600id_moveit_config/package.bash'
[1.365s] INFO:colcon.colcon_core.shell:Creating package script '/home/sebastian/ws_abb_irb_1600/src/install/irb1600id_moveit_config/share/irb1600id_moveit_config/package.zsh'
[1.366s] Level 1:colcon.colcon_core.environment:create_file_with_runtime_dependencies(/home/sebastian/ws_abb_irb_1600/src/install/irb1600id_moveit_config/share/colcon-core/packages/irb1600id_moveit_config)
[1.366s] DEBUG:colcon.colcon_parallel_executor.executor.parallel:closing loop
[1.366s] DEBUG:colcon.colcon_parallel_executor.executor.parallel:loop closed
[1.366s] DEBUG:colcon.colcon_parallel_executor.executor.parallel:run_until_complete finished with '0'
[1.366s] DEBUG:colcon.colcon_core.event_reactor:joining thread
[1.371s] INFO:colcon.colcon_core.plugin_system:Skipping extension 'colcon_notification.desktop_notification.terminal_notifier': Not used on non-Darwin systems
[1.372s] INFO:colcon.colcon_core.plugin_system:Skipping extension 'colcon_notification.desktop_notification.win32': Not used on non-Windows systems
[1.372s] INFO:colcon.colcon_notification.desktop_notification:Sending desktop notification using 'notify2'
[1.384s] DEBUG:colcon.colcon_core.event_reactor:joined thread
[1.384s] INFO:colcon.colcon_core.shell:Creating prefix script '/home/sebastian/ws_abb_irb_1600/src/install/local_setup.sh'
[1.384s] INFO:colcon.colcon_core.shell:Creating prefix util module '/home/sebastian/ws_abb_irb_1600/src/install/_local_setup_util_sh.py'
[1.385s] INFO:colcon.colcon_core.shell:Creating prefix chain script '/home/sebastian/ws_abb_irb_1600/src/install/setup.sh'
[1.386s] INFO:colcon.colcon_core.shell:Creating prefix script '/home/sebastian/ws_abb_irb_1600/src/install/local_setup.bash'
[1.386s] INFO:colcon.colcon_core.shell:Creating prefix chain script '/home/sebastian/ws_abb_irb_1600/src/install/setup.bash'
[1.386s] INFO:colcon.colcon_core.shell:Creating prefix script '/home/sebastian/ws_abb_irb_1600/src/install/local_setup.zsh'
[1.387s] INFO:colcon.colcon_core.shell:Creating prefix chain script '/home/sebastian/ws_abb_irb_1600/src/install/setup.zsh'
