[0.010s] Invoking command in '/home/sebastian/ws_abb_irb_1600/src/build/abb_irb1600id_support': CMAKE_PREFIX_PATH=${CMAKE_PREFIX_PATH}:/opt/ros/jazzy DEBUGINFOD_URLS=https://debuginfod.ubuntu.com /usr/bin/cmake /home/sebastian/ws_abb_irb_1600/src/abb_irb1600id_support -DCMAKE_INSTALL_PREFIX=/home/sebastian/ws_abb_irb_1600/src/install/abb_irb1600id_support
[0.048s] -- The C compiler identification is GNU 13.3.0
[0.086s] -- The CXX compiler identification is GNU 13.3.0
[0.100s] -- Detecting C compiler ABI info
[0.171s] -- Detecting C compiler ABI info - done
[0.177s] -- Check for working C compiler: /usr/bin/cc - skipped
[0.177s] -- Detecting C compile features
[0.178s] -- Detecting C compile features - done
[0.184s] -- Detecting CXX compiler ABI info
[0.263s] -- Detecting CXX compiler ABI info - done
[0.270s] -- Check for working CXX compiler: /usr/bin/c++ - skipped
[0.270s] -- Detecting CXX compile features
[0.270s] -- Detecting CXX compile features - done
[0.272s] -- Found ament_cmake: 2.5.6 (/opt/ros/jazzy/share/ament_cmake/cmake)
[0.379s] -- Found Python3: /usr/bin/python3 (found version "3.12.3") found components: Interpreter 
[0.454s] -- Found ament_lint_auto: 0.17.5 (/opt/ros/jazzy/share/ament_lint_auto/cmake)
[0.525s] -- Added test 'lint_cmake' to check CMake code style
[0.526s] -- Added test 'xmllint' to check XML markup files
[0.527s] -- Configuring done (0.5s)
[0.529s] -- Generating done (0.0s)
[0.530s] -- Build files have been written to: /home/sebastian/ws_abb_irb_1600/src/build/abb_irb1600id_support
[0.534s] Invoked command in '/home/sebastian/ws_abb_irb_1600/src/build/abb_irb1600id_support' returned '0': CMAKE_PREFIX_PATH=${CMAKE_PREFIX_PATH}:/opt/ros/jazzy DEBUGINFOD_URLS=https://debuginfod.ubuntu.com /usr/bin/cmake /home/sebastian/ws_abb_irb_1600/src/abb_irb1600id_support -DCMAKE_INSTALL_PREFIX=/home/sebastian/ws_abb_irb_1600/src/install/abb_irb1600id_support
[0.536s] Invoking command in '/home/sebastian/ws_abb_irb_1600/src/build/abb_irb1600id_support': CMAKE_PREFIX_PATH=${CMAKE_PREFIX_PATH}:/opt/ros/jazzy DEBUGINFOD_URLS=https://debuginfod.ubuntu.com /usr/bin/cmake --build /home/sebastian/ws_abb_irb_1600/src/build/abb_irb1600id_support -- -j22 -l22
[0.572s] Invoked command in '/home/sebastian/ws_abb_irb_1600/src/build/abb_irb1600id_support' returned '0': CMAKE_PREFIX_PATH=${CMAKE_PREFIX_PATH}:/opt/ros/jazzy DEBUGINFOD_URLS=https://debuginfod.ubuntu.com /usr/bin/cmake --build /home/sebastian/ws_abb_irb_1600/src/build/abb_irb1600id_support -- -j22 -l22
[0.579s] Invoking command in '/home/sebastian/ws_abb_irb_1600/src/build/abb_irb1600id_support': CMAKE_PREFIX_PATH=${CMAKE_PREFIX_PATH}:/opt/ros/jazzy DEBUGINFOD_URLS=https://debuginfod.ubuntu.com /usr/bin/cmake --install /home/sebastian/ws_abb_irb_1600/src/build/abb_irb1600id_support
[0.586s] -- Install configuration: ""
[0.586s] -- Installing: /home/sebastian/ws_abb_irb_1600/src/install/abb_irb1600id_support/share/abb_irb1600id_support/urdf
[0.586s] -- Installing: /home/sebastian/ws_abb_irb_1600/src/install/abb_irb1600id_support/share/abb_irb1600id_support/urdf/irb2400.urdf
[0.586s] -- Installing: /home/sebastian/ws_abb_irb_1600/src/install/abb_irb1600id_support/share/abb_irb1600id_support/urdf/irb1600id.xacro
[0.586s] -- Installing: /home/sebastian/ws_abb_irb_1600/src/install/abb_irb1600id_support/share/abb_irb1600id_support/urdf/irb1600id_macro.xacro
[0.586s] -- Installing: /home/sebastian/ws_abb_irb_1600/src/install/abb_irb1600id_support/share/abb_irb1600id_support/urdf/irb2400_macro.xacro
[0.587s] -- Installing: /home/sebastian/ws_abb_irb_1600/src/install/abb_irb1600id_support/share/abb_irb1600id_support/urdf/irb2400.xacro
[0.587s] -- Installing: /home/sebastian/ws_abb_irb_1600/src/install/abb_irb1600id_support/share/abb_irb1600id_support/urdf/irb1600id.urdf
[0.587s] -- Installing: /home/sebastian/ws_abb_irb_1600/src/install/abb_irb1600id_support/share/abb_irb1600id_support/meshes
[0.587s] -- Installing: /home/sebastian/ws_abb_irb_1600/src/install/abb_irb1600id_support/share/abb_irb1600id_support/meshes/irb1600id
[0.587s] -- Installing: /home/sebastian/ws_abb_irb_1600/src/install/abb_irb1600id_support/share/abb_irb1600id_support/meshes/irb1600id/visual
[0.587s] -- Installing: /home/sebastian/ws_abb_irb_1600/src/install/abb_irb1600id_support/share/abb_irb1600id_support/meshes/irb1600id/visual/base_link.stl
[0.587s] -- Installing: /home/sebastian/ws_abb_irb_1600/src/install/abb_irb1600id_support/share/abb_irb1600id_support/meshes/irb1600id/visual/link_3.stl
[0.589s] -- Installing: /home/sebastian/ws_abb_irb_1600/src/install/abb_irb1600id_support/share/abb_irb1600id_support/meshes/irb1600id/visual/link_6.stl
[0.589s] -- Installing: /home/sebastian/ws_abb_irb_1600/src/install/abb_irb1600id_support/share/abb_irb1600id_support/meshes/irb1600id/visual/link_2.stl
[0.589s] -- Installing: /home/sebastian/ws_abb_irb_1600/src/install/abb_irb1600id_support/share/abb_irb1600id_support/meshes/irb1600id/visual/link_5.stl
[0.589s] -- Installing: /home/sebastian/ws_abb_irb_1600/src/install/abb_irb1600id_support/share/abb_irb1600id_support/meshes/irb1600id/visual/link_4.stl
[0.590s] -- Installing: /home/sebastian/ws_abb_irb_1600/src/install/abb_irb1600id_support/share/abb_irb1600id_support/meshes/irb1600id/visual/link_1.stl
[0.591s] -- Installing: /home/sebastian/ws_abb_irb_1600/src/install/abb_irb1600id_support/share/abb_irb1600id_support/meshes/irb1600id/collision
[0.591s] -- Installing: /home/sebastian/ws_abb_irb_1600/src/install/abb_irb1600id_support/share/abb_irb1600id_support/meshes/irb1600id/collision/base_link.stl
[0.591s] -- Installing: /home/sebastian/ws_abb_irb_1600/src/install/abb_irb1600id_support/share/abb_irb1600id_support/meshes/irb1600id/collision/link_3.stl
[0.591s] -- Installing: /home/sebastian/ws_abb_irb_1600/src/install/abb_irb1600id_support/share/abb_irb1600id_support/meshes/irb1600id/collision/link_6.stl
[0.591s] -- Installing: /home/sebastian/ws_abb_irb_1600/src/install/abb_irb1600id_support/share/abb_irb1600id_support/meshes/irb1600id/collision/link_5.stl
[0.591s] -- Installing: /home/sebastian/ws_abb_irb_1600/src/install/abb_irb1600id_support/share/abb_irb1600id_support/meshes/irb1600id/collision/link_4.stl
[0.591s] -- Installing: /home/sebastian/ws_abb_irb_1600/src/install/abb_irb1600id_support/share/abb_irb1600id_support/meshes/irb1600id/collision/link_2_whole.stl
[0.591s] -- Installing: /home/sebastian/ws_abb_irb_1600/src/install/abb_irb1600id_support/share/abb_irb1600id_support/meshes/irb1600id/collision/link_1.stl
[0.591s] -- Installing: /home/sebastian/ws_abb_irb_1600/src/install/abb_irb1600id_support/share/abb_irb1600id_support/meshes/irb2400
[0.591s] -- Installing: /home/sebastian/ws_abb_irb_1600/src/install/abb_irb1600id_support/share/abb_irb1600id_support/meshes/irb2400/visual
[0.591s] -- Installing: /home/sebastian/ws_abb_irb_1600/src/install/abb_irb1600id_support/share/abb_irb1600id_support/meshes/irb2400/visual/base_link.stl
[0.591s] -- Installing: /home/sebastian/ws_abb_irb_1600/src/install/abb_irb1600id_support/share/abb_irb1600id_support/meshes/irb2400/visual/link_3.stl
[0.592s] -- Installing: /home/sebastian/ws_abb_irb_1600/src/install/abb_irb1600id_support/share/abb_irb1600id_support/meshes/irb2400/visual/link_6.stl
[0.592s] -- Installing: /home/sebastian/ws_abb_irb_1600/src/install/abb_irb1600id_support/share/abb_irb1600id_support/meshes/irb2400/visual/link_2.stl
[0.592s] -- Installing: /home/sebastian/ws_abb_irb_1600/src/install/abb_irb1600id_support/share/abb_irb1600id_support/meshes/irb2400/visual/link_5.stl
[0.592s] -- Installing: /home/sebastian/ws_abb_irb_1600/src/install/abb_irb1600id_support/share/abb_irb1600id_support/meshes/irb2400/visual/link_4.stl
[0.592s] -- Installing: /home/sebastian/ws_abb_irb_1600/src/install/abb_irb1600id_support/share/abb_irb1600id_support/meshes/irb2400/visual/link_1.stl
[0.592s] -- Installing: /home/sebastian/ws_abb_irb_1600/src/install/abb_irb1600id_support/share/abb_irb1600id_support/meshes/irb2400/collision
[0.592s] -- Installing: /home/sebastian/ws_abb_irb_1600/src/install/abb_irb1600id_support/share/abb_irb1600id_support/meshes/irb2400/collision/base_link.stl
[0.592s] -- Installing: /home/sebastian/ws_abb_irb_1600/src/install/abb_irb1600id_support/share/abb_irb1600id_support/meshes/irb2400/collision/link_3.stl
[0.592s] -- Installing: /home/sebastian/ws_abb_irb_1600/src/install/abb_irb1600id_support/share/abb_irb1600id_support/meshes/irb2400/collision/link_6.stl
[0.592s] -- Installing: /home/sebastian/ws_abb_irb_1600/src/install/abb_irb1600id_support/share/abb_irb1600id_support/meshes/irb2400/collision/link_2.stl
[0.592s] -- Installing: /home/sebastian/ws_abb_irb_1600/src/install/abb_irb1600id_support/share/abb_irb1600id_support/meshes/irb2400/collision/link_5.stl
[0.592s] -- Installing: /home/sebastian/ws_abb_irb_1600/src/install/abb_irb1600id_support/share/abb_irb1600id_support/meshes/irb2400/collision/link_4.stl
[0.593s] -- Installing: /home/sebastian/ws_abb_irb_1600/src/install/abb_irb1600id_support/share/abb_irb1600id_support/meshes/irb2400/collision/link_2_whole.stl
[0.593s] -- Installing: /home/sebastian/ws_abb_irb_1600/src/install/abb_irb1600id_support/share/abb_irb1600id_support/meshes/irb2400/collision/link_1.stl
[0.593s] -- Installing: /home/sebastian/ws_abb_irb_1600/src/install/abb_irb1600id_support/share/ament_index/resource_index/package_run_dependencies/abb_irb1600id_support
[0.593s] -- Installing: /home/sebastian/ws_abb_irb_1600/src/install/abb_irb1600id_support/share/ament_index/resource_index/parent_prefix_path/abb_irb1600id_support
[0.593s] -- Installing: /home/sebastian/ws_abb_irb_1600/src/install/abb_irb1600id_support/share/abb_irb1600id_support/environment/ament_prefix_path.sh
[0.593s] -- Installing: /home/sebastian/ws_abb_irb_1600/src/install/abb_irb1600id_support/share/abb_irb1600id_support/environment/ament_prefix_path.dsv
[0.593s] -- Installing: /home/sebastian/ws_abb_irb_1600/src/install/abb_irb1600id_support/share/abb_irb1600id_support/environment/path.sh
[0.593s] -- Installing: /home/sebastian/ws_abb_irb_1600/src/install/abb_irb1600id_support/share/abb_irb1600id_support/environment/path.dsv
[0.593s] -- Installing: /home/sebastian/ws_abb_irb_1600/src/install/abb_irb1600id_support/share/abb_irb1600id_support/local_setup.bash
[0.593s] -- Installing: /home/sebastian/ws_abb_irb_1600/src/install/abb_irb1600id_support/share/abb_irb1600id_support/local_setup.sh
[0.593s] -- Installing: /home/sebastian/ws_abb_irb_1600/src/install/abb_irb1600id_support/share/abb_irb1600id_support/local_setup.zsh
[0.593s] -- Installing: /home/sebastian/ws_abb_irb_1600/src/install/abb_irb1600id_support/share/abb_irb1600id_support/local_setup.dsv
[0.593s] -- Installing: /home/sebastian/ws_abb_irb_1600/src/install/abb_irb1600id_support/share/abb_irb1600id_support/package.dsv
[0.593s] -- Installing: /home/sebastian/ws_abb_irb_1600/src/install/abb_irb1600id_support/share/ament_index/resource_index/packages/abb_irb1600id_support
[0.593s] -- Installing: /home/sebastian/ws_abb_irb_1600/src/install/abb_irb1600id_support/share/abb_irb1600id_support/cmake/abb_irb1600id_supportConfig.cmake
[0.593s] -- Installing: /home/sebastian/ws_abb_irb_1600/src/install/abb_irb1600id_support/share/abb_irb1600id_support/cmake/abb_irb1600id_supportConfig-version.cmake
[0.594s] -- Installing: /home/sebastian/ws_abb_irb_1600/src/install/abb_irb1600id_support/share/abb_irb1600id_support/package.xml
[0.595s] Invoked command in '/home/sebastian/ws_abb_irb_1600/src/build/abb_irb1600id_support' returned '0': CMAKE_PREFIX_PATH=${CMAKE_PREFIX_PATH}:/opt/ros/jazzy DEBUGINFOD_URLS=https://debuginfod.ubuntu.com /usr/bin/cmake --install /home/sebastian/ws_abb_irb_1600/src/build/abb_irb1600id_support
