[0.005s] Invoking command in '/home/sebastian/ws_abb_irb_1600/src/build/irb1600id_moveit_config': AMENT_PREFIX_PATH=/home/sebastian/ws_abb_irb_1600/src/install/abb_irb1600id_support:${AMENT_PREFIX_PATH} CMAKE_PREFIX_PATH=/home/sebastian/ws_abb_irb_1600/src/install/abb_irb1600id_support:/home/sebastian/ws_abb_irb_1600/install/irb1600id_moveit_config:/home/sebastian/ws_abb_irb_1600/install/abb_irb1600id_support:/opt/ros/jazzy/opt/sdformat_vendor:/opt/ros/jazzy/opt/gz_math_vendor:/opt/ros/jazzy/opt/gz_utils_vendor:/opt/ros/jazzy/opt/gz_tools_vendor:/opt/ros/jazzy/opt/gz_cmake_vendor:/opt/ros/jazzy DEBUGINFOD_URLS=https://debuginfod.ubuntu.com /usr/bin/cmake /home/sebastian/ws_abb_irb_1600/src/irb1600id_moveit_config -DCMAKE_INSTALL_PREFIX=/home/sebastian/ws_abb_irb_1600/src/install/irb1600id_moveit_config
[0.048s] -- The C compiler identification is GNU 13.3.0
[0.090s] -- The CXX compiler identification is GNU 13.3.0
[0.106s] -- Detecting C compiler ABI info
[0.188s] -- Detecting C compiler ABI info - done
[0.194s] -- Check for working C compiler: /usr/bin/cc - skipped
[0.194s] -- Detecting C compile features
[0.194s] -- Detecting C compile features - done
[0.204s] -- Detecting CXX compiler ABI info
[0.318s] -- Detecting CXX compiler ABI info - done
[0.328s] -- Check for working CXX compiler: /usr/bin/c++ - skipped
[0.328s] -- Detecting CXX compile features
[0.328s] -- Detecting CXX compile features - done
[0.330s] -- Found ament_cmake: 2.5.6 (/opt/ros/jazzy/share/ament_cmake/cmake)
[0.459s] -- Found Python3: /usr/bin/python3 (found version "3.12.3") found components: Interpreter 
[0.586s] -- Configuring done (0.6s)
[0.587s] -- Generating done (0.0s)
[0.588s] -- Build files have been written to: /home/sebastian/ws_abb_irb_1600/src/build/irb1600id_moveit_config
[0.593s] Invoked command in '/home/sebastian/ws_abb_irb_1600/src/build/irb1600id_moveit_config' returned '0': AMENT_PREFIX_PATH=/home/sebastian/ws_abb_irb_1600/src/install/abb_irb1600id_support:${AMENT_PREFIX_PATH} CMAKE_PREFIX_PATH=/home/sebastian/ws_abb_irb_1600/src/install/abb_irb1600id_support:/home/sebastian/ws_abb_irb_1600/install/irb1600id_moveit_config:/home/sebastian/ws_abb_irb_1600/install/abb_irb1600id_support:/opt/ros/jazzy/opt/sdformat_vendor:/opt/ros/jazzy/opt/gz_math_vendor:/opt/ros/jazzy/opt/gz_utils_vendor:/opt/ros/jazzy/opt/gz_tools_vendor:/opt/ros/jazzy/opt/gz_cmake_vendor:/opt/ros/jazzy DEBUGINFOD_URLS=https://debuginfod.ubuntu.com /usr/bin/cmake /home/sebastian/ws_abb_irb_1600/src/irb1600id_moveit_config -DCMAKE_INSTALL_PREFIX=/home/sebastian/ws_abb_irb_1600/src/install/irb1600id_moveit_config
[0.594s] Invoking command in '/home/sebastian/ws_abb_irb_1600/src/build/irb1600id_moveit_config': AMENT_PREFIX_PATH=/home/sebastian/ws_abb_irb_1600/src/install/abb_irb1600id_support:${AMENT_PREFIX_PATH} CMAKE_PREFIX_PATH=/home/sebastian/ws_abb_irb_1600/src/install/abb_irb1600id_support:/home/sebastian/ws_abb_irb_1600/install/irb1600id_moveit_config:/home/sebastian/ws_abb_irb_1600/install/abb_irb1600id_support:/opt/ros/jazzy/opt/sdformat_vendor:/opt/ros/jazzy/opt/gz_math_vendor:/opt/ros/jazzy/opt/gz_utils_vendor:/opt/ros/jazzy/opt/gz_tools_vendor:/opt/ros/jazzy/opt/gz_cmake_vendor:/opt/ros/jazzy DEBUGINFOD_URLS=https://debuginfod.ubuntu.com /usr/bin/cmake --build /home/sebastian/ws_abb_irb_1600/src/build/irb1600id_moveit_config -- -j22 -l22
[0.625s] Invoked command in '/home/sebastian/ws_abb_irb_1600/src/build/irb1600id_moveit_config' returned '0': AMENT_PREFIX_PATH=/home/sebastian/ws_abb_irb_1600/src/install/abb_irb1600id_support:${AMENT_PREFIX_PATH} CMAKE_PREFIX_PATH=/home/sebastian/ws_abb_irb_1600/src/install/abb_irb1600id_support:/home/sebastian/ws_abb_irb_1600/install/irb1600id_moveit_config:/home/sebastian/ws_abb_irb_1600/install/abb_irb1600id_support:/opt/ros/jazzy/opt/sdformat_vendor:/opt/ros/jazzy/opt/gz_math_vendor:/opt/ros/jazzy/opt/gz_utils_vendor:/opt/ros/jazzy/opt/gz_tools_vendor:/opt/ros/jazzy/opt/gz_cmake_vendor:/opt/ros/jazzy DEBUGINFOD_URLS=https://debuginfod.ubuntu.com /usr/bin/cmake --build /home/sebastian/ws_abb_irb_1600/src/build/irb1600id_moveit_config -- -j22 -l22
[0.626s] Invoking command in '/home/sebastian/ws_abb_irb_1600/src/build/irb1600id_moveit_config': AMENT_PREFIX_PATH=/home/sebastian/ws_abb_irb_1600/src/install/abb_irb1600id_support:${AMENT_PREFIX_PATH} CMAKE_PREFIX_PATH=/home/sebastian/ws_abb_irb_1600/src/install/abb_irb1600id_support:/home/sebastian/ws_abb_irb_1600/install/irb1600id_moveit_config:/home/sebastian/ws_abb_irb_1600/install/abb_irb1600id_support:/opt/ros/jazzy/opt/sdformat_vendor:/opt/ros/jazzy/opt/gz_math_vendor:/opt/ros/jazzy/opt/gz_utils_vendor:/opt/ros/jazzy/opt/gz_tools_vendor:/opt/ros/jazzy/opt/gz_cmake_vendor:/opt/ros/jazzy DEBUGINFOD_URLS=https://debuginfod.ubuntu.com /usr/bin/cmake --install /home/sebastian/ws_abb_irb_1600/src/build/irb1600id_moveit_config
[0.631s] -- Install configuration: ""
[0.631s] -- Installing: /home/sebastian/ws_abb_irb_1600/src/install/irb1600id_moveit_config/lib/irb1600id_moveit_config/master_cycle.py
[0.631s] -- Installing: /home/sebastian/ws_abb_irb_1600/src/install/irb1600id_moveit_config/lib/irb1600id_moveit_config/scene.py
[0.631s] -- Installing: /home/sebastian/ws_abb_irb_1600/src/install/irb1600id_moveit_config/lib/irb1600id_moveit_config/cartesian.py
[0.631s] -- Installing: /home/sebastian/ws_abb_irb_1600/src/install/irb1600id_moveit_config/lib/irb1600id_moveit_config/profiles.py
[0.632s] -- Installing: /home/sebastian/ws_abb_irb_1600/src/install/irb1600id_moveit_config/lib/irb1600id_moveit_config/diag_scene.py
[0.632s] -- Installing: /home/sebastian/ws_abb_irb_1600/src/install/irb1600id_moveit_config/lib/irb1600id_moveit_config/execution.py
[0.632s] -- Installing: /home/sebastian/ws_abb_irb_1600/src/install/irb1600id_moveit_config/share/irb1600id_moveit_config/launch
[0.632s] -- Installing: /home/sebastian/ws_abb_irb_1600/src/install/irb1600id_moveit_config/share/irb1600id_moveit_config/launch/diag.launch.py
[0.632s] -- Installing: /home/sebastian/ws_abb_irb_1600/src/install/irb1600id_moveit_config/share/irb1600id_moveit_config/launch/static_virtual_joint_tfs.launch.py
[0.632s] -- Installing: /home/sebastian/ws_abb_irb_1600/src/install/irb1600id_moveit_config/share/irb1600id_moveit_config/launch/demo.launch.py
[0.632s] -- Installing: /home/sebastian/ws_abb_irb_1600/src/install/irb1600id_moveit_config/share/irb1600id_moveit_config/launch/spawn_controllers.launch.py
[0.633s] -- Installing: /home/sebastian/ws_abb_irb_1600/src/install/irb1600id_moveit_config/share/irb1600id_moveit_config/launch/warehouse_db.launch.py
[0.633s] -- Installing: /home/sebastian/ws_abb_irb_1600/src/install/irb1600id_moveit_config/share/irb1600id_moveit_config/launch/rsp.launch.py
[0.633s] -- Installing: /home/sebastian/ws_abb_irb_1600/src/install/irb1600id_moveit_config/share/irb1600id_moveit_config/launch/run_cycle.launch.py
[0.633s] -- Installing: /home/sebastian/ws_abb_irb_1600/src/install/irb1600id_moveit_config/share/irb1600id_moveit_config/launch/move_group.launch.py
[0.633s] -- Installing: /home/sebastian/ws_abb_irb_1600/src/install/irb1600id_moveit_config/share/irb1600id_moveit_config/launch/setup_assistant.launch.py
[0.633s] -- Installing: /home/sebastian/ws_abb_irb_1600/src/install/irb1600id_moveit_config/share/irb1600id_moveit_config/launch/moveit_rviz.launch.py
[0.633s] -- Installing: /home/sebastian/ws_abb_irb_1600/src/install/irb1600id_moveit_config/share/irb1600id_moveit_config/config
[0.633s] -- Installing: /home/sebastian/ws_abb_irb_1600/src/install/irb1600id_moveit_config/share/irb1600id_moveit_config/config/moveit.rviz
[0.633s] -- Installing: /home/sebastian/ws_abb_irb_1600/src/install/irb1600id_moveit_config/share/irb1600id_moveit_config/config/ros2_controllers.yaml
[0.633s] -- Installing: /home/sebastian/ws_abb_irb_1600/src/install/irb1600id_moveit_config/share/irb1600id_moveit_config/config/abb_irb1600id.srdf
[0.633s] -- Installing: /home/sebastian/ws_abb_irb_1600/src/install/irb1600id_moveit_config/share/irb1600id_moveit_config/config/kinematics.yaml
[0.634s] -- Installing: /home/sebastian/ws_abb_irb_1600/src/install/irb1600id_moveit_config/share/irb1600id_moveit_config/config/joint_limits.yaml
[0.634s] -- Installing: /home/sebastian/ws_abb_irb_1600/src/install/irb1600id_moveit_config/share/irb1600id_moveit_config/config/moveit_controllers.yaml
[0.634s] -- Installing: /home/sebastian/ws_abb_irb_1600/src/install/irb1600id_moveit_config/share/irb1600id_moveit_config/config/pilz_cartesian_limits.yaml
[0.634s] -- Installing: /home/sebastian/ws_abb_irb_1600/src/install/irb1600id_moveit_config/share/irb1600id_moveit_config/config/moveit_py.yaml
[0.634s] -- Installing: /home/sebastian/ws_abb_irb_1600/src/install/irb1600id_moveit_config/share/irb1600id_moveit_config/config/ompl_planning.yaml
[0.634s] -- Installing: /home/sebastian/ws_abb_irb_1600/src/install/irb1600id_moveit_config/share/irb1600id_moveit_config/.setup_assistant
[0.634s] -- Installing: /home/sebastian/ws_abb_irb_1600/src/install/irb1600id_moveit_config/share/ament_index/resource_index/package_run_dependencies/irb1600id_moveit_config
[0.634s] -- Installing: /home/sebastian/ws_abb_irb_1600/src/install/irb1600id_moveit_config/share/ament_index/resource_index/parent_prefix_path/irb1600id_moveit_config
[0.634s] -- Installing: /home/sebastian/ws_abb_irb_1600/src/install/irb1600id_moveit_config/share/irb1600id_moveit_config/environment/ament_prefix_path.sh
[0.634s] -- Installing: /home/sebastian/ws_abb_irb_1600/src/install/irb1600id_moveit_config/share/irb1600id_moveit_config/environment/ament_prefix_path.dsv
[0.634s] -- Installing: /home/sebastian/ws_abb_irb_1600/src/install/irb1600id_moveit_config/share/irb1600id_moveit_config/environment/path.sh
[0.635s] -- Installing: /home/sebastian/ws_abb_irb_1600/src/install/irb1600id_moveit_config/share/irb1600id_moveit_config/environment/path.dsv
[0.635s] -- Installing: /home/sebastian/ws_abb_irb_1600/src/install/irb1600id_moveit_config/share/irb1600id_moveit_config/local_setup.bash
[0.635s] -- Installing: /home/sebastian/ws_abb_irb_1600/src/install/irb1600id_moveit_config/share/irb1600id_moveit_config/local_setup.sh
[0.635s] -- Installing: /home/sebastian/ws_abb_irb_1600/src/install/irb1600id_moveit_config/share/irb1600id_moveit_config/local_setup.zsh
[0.635s] -- Installing: /home/sebastian/ws_abb_irb_1600/src/install/irb1600id_moveit_config/share/irb1600id_moveit_config/local_setup.dsv
[0.635s] -- Installing: /home/sebastian/ws_abb_irb_1600/src/install/irb1600id_moveit_config/share/irb1600id_moveit_config/package.dsv
[0.635s] -- Installing: /home/sebastian/ws_abb_irb_1600/src/install/irb1600id_moveit_config/share/ament_index/resource_index/packages/irb1600id_moveit_config
[0.635s] -- Installing: /home/sebastian/ws_abb_irb_1600/src/install/irb1600id_moveit_config/share/irb1600id_moveit_config/cmake/irb1600id_moveit_configConfig.cmake
[0.635s] -- Installing: /home/sebastian/ws_abb_irb_1600/src/install/irb1600id_moveit_config/share/irb1600id_moveit_config/cmake/irb1600id_moveit_configConfig-version.cmake
[0.635s] -- Installing: /home/sebastian/ws_abb_irb_1600/src/install/irb1600id_moveit_config/share/irb1600id_moveit_config/package.xml
[0.636s] Invoked command in '/home/sebastian/ws_abb_irb_1600/src/build/irb1600id_moveit_config' returned '0': AMENT_PREFIX_PATH=/home/sebastian/ws_abb_irb_1600/src/install/abb_irb1600id_support:${AMENT_PREFIX_PATH} CMAKE_PREFIX_PATH=/home/sebastian/ws_abb_irb_1600/src/install/abb_irb1600id_support:/home/sebastian/ws_abb_irb_1600/install/irb1600id_moveit_config:/home/sebastian/ws_abb_irb_1600/install/abb_irb1600id_support:/opt/ros/jazzy/opt/sdformat_vendor:/opt/ros/jazzy/opt/gz_math_vendor:/opt/ros/jazzy/opt/gz_utils_vendor:/opt/ros/jazzy/opt/gz_tools_vendor:/opt/ros/jazzy/opt/gz_cmake_vendor:/opt/ros/jazzy DEBUGINFOD_URLS=https://debuginfod.ubuntu.com /usr/bin/cmake --install /home/sebastian/ws_abb_irb_1600/src/build/irb1600id_moveit_config
